// Jest Snapshot v1, https://goo.gl/fbAQLP

exports[`AddPost match snapshot 1`] = `
<div>
  <div>
    <nav
      class="navbar navbar-expand-lg navbar-dark bg-dark"
    >
      <div
        class="container-fluid"
      >
        <a
          class="navbar-brand"
          href="/"
        >
           BlogGIF
        </a>
        <button
          aria-controls="navbarNavDropdown"
          aria-expanded="false"
          aria-label="Toggle navigation"
          class="navbar-toggler"
          data-bs-target="#navbarNavDropdown"
          data-bs-toggle="collapse"
          type="button"
        >
          <span
            class="navbar-toggler-icon"
          />
        </button>
        <div
          class="collapse navbar-collapse justify-content-end"
          id="navbarNavDropdown"
        >
          <ul
            class="navbar-nav"
          >
            <li
              class="nav-item"
            >
              <a
                aria-current="page"
                class="nav-link active rounded-3"
                href="/addPost"
              >
                Add Post
              </a>
            </li>
            <li
              class="nav-item"
            >
              <a
                aria-current="page"
                class="nav-link active rounded-3"
                href="/"
              >
                List Posts
              </a>
            </li>
          </ul>
        </div>
      </div>
    </nav>
    <div
      class="container text-center"
    >
      <form
        class="shadow p-3 mb-5 bg-white rounded"
      >
        <h1
          class="mt-2"
        >
          Post
        </h1>
        <div
          class="mb-3"
        >
          <label
            class="form-label"
            form="inputTitle"
          >
            Message
          </label>
          <input
            class="form-control m-1"
            id="inputPost"
            placeholder="State your name"
            type="textarea"
          />
          <input
            class="form-control m-1"
            id="inputPost"
            placeholder="Content of your post"
            type="textarea"
          />
        </div>
        <button
          class="btn btn-dark"
          type="submit"
        >
          Submit
        </button>
      </form>
    </div>
    <div
      class="footer text-center fixed-bottom text-white bg-dark"
    >
      <div
        class="container-fluid"
      >
        <div
          class="row"
        >
          <p
            class="text-center"
          >
            Â© 2024242 DAW
          </p>
        </div>
      </div>
    </div>
  </div>
</div>
`;
